// Jest Snapshot v1, https://goo.gl/fbAQLP

exports[`H1 component renders correctly 1`] = `
<StyledComponent
  forwardedComponent={
    Object {
      "$$typeof": Symbol(react.forward_ref),
      "attrs": Array [
        Object {
          "as": "h1",
          "mb": 4,
          "mt": 0,
        },
      ],
      "componentStyle": ComponentStyle {
        "componentId": "H1-sros4y-0",
        "isStatic": false,
        "rules": Array [
          "box-sizing: border-box;",
          [Function],
          [Function],
          [Function],
          [Function],
          [Function],
          [Function],
          [Function],
          [Function],
          "color:rgb(",
          [Function],
          ");font-weight:",
          [Function],
          ";font-size:",
          [Function],
          ";line-height:1.15;@media (min-width:",
          [Function],
          "){font-size:",
          [Function],
          ";}@media (min-width:",
          [Function],
          "){font-size:",
          [Function],
          ";}",
        ],
      },
      "displayName": "H1",
      "foldedComponentIds": Array [
        "sc-bdVaJa",
      ],
      "propTypes": Object {
        "bg": [Function],
        "color": [Function],
        "fontSize": [Function],
        "m": [Function],
        "mb": [Function],
        "ml": [Function],
        "mr": [Function],
        "mt": [Function],
        "mx": [Function],
        "my": [Function],
        "p": [Function],
        "pb": [Function],
        "pl": [Function],
        "pr": [Function],
        "pt": [Function],
        "px": [Function],
        "py": [Function],
        "width": [Function],
      },
      "render": [Function],
      "styledComponentId": "H1-sros4y-0",
      "target": "div",
      "toString": [Function],
      "warnTooManyClasses": [Function],
      "withComponent": [Function],
    }
  }
  forwardedRef={null}
/>
`;
