// Jest Snapshot v1, https://goo.gl/fbAQLP

exports[`H1 component renders correctly 1`] = `
<StyledComponent
  forwardedComponent={
    Object {
      "$$typeof": Symbol(react.forward_ref),
      "attrs": Array [
        [Function],
      ],
      "componentStyle": ComponentStyle {
        "componentId": "H1-sc-sros4y-0",
        "isStatic": false,
        "rules": Array [
          "box-sizing: border-box;",
          [Function],
          "color:rgb(",
          [Function],
          ");font-weight:",
          [Function],
          ";font-size:",
          [Function],
          ";line-height:1.15;@media (min-width:",
          [Function],
          "){font-size:",
          [Function],
          ";}",
        ],
      },
      "displayName": "H1",
      "foldedComponentIds": Array [
        "src__Box-sc-1sbtrzs-0",
      ],
      "propTypes": Object {
        "alignContent": [Function],
        "alignItems": [Function],
        "alignSelf": [Function],
        "backgroundColor": [Function],
        "bg": [Function],
        "color": [Function],
        "display": [Function],
        "flex": [Function],
        "flexBasis": [Function],
        "flexDirection": [Function],
        "flexGrow": [Function],
        "flexShrink": [Function],
        "flexWrap": [Function],
        "fontFamily": [Function],
        "fontSize": [Function],
        "fontStyle": [Function],
        "fontWeight": [Function],
        "height": [Function],
        "justifyContent": [Function],
        "justifyItems": [Function],
        "justifySelf": [Function],
        "letterSpacing": [Function],
        "lineHeight": [Function],
        "m": [Function],
        "margin": [Function],
        "marginBottom": [Function],
        "marginLeft": [Function],
        "marginRight": [Function],
        "marginTop": [Function],
        "marginX": [Function],
        "marginY": [Function],
        "maxHeight": [Function],
        "maxWidth": [Function],
        "mb": [Function],
        "minHeight": [Function],
        "minWidth": [Function],
        "ml": [Function],
        "mr": [Function],
        "mt": [Function],
        "mx": [Function],
        "my": [Function],
        "opacity": [Function],
        "order": [Function],
        "overflow": [Function],
        "overflowX": [Function],
        "overflowY": [Function],
        "p": [Function],
        "padding": [Function],
        "paddingBottom": [Function],
        "paddingLeft": [Function],
        "paddingRight": [Function],
        "paddingTop": [Function],
        "paddingX": [Function],
        "paddingY": [Function],
        "pb": [Function],
        "pl": [Function],
        "pr": [Function],
        "pt": [Function],
        "px": [Function],
        "py": [Function],
        "size": [Function],
        "textAlign": [Function],
        "verticalAlign": [Function],
        "width": [Function],
      },
      "render": [Function],
      "styledComponentId": "H1-sc-sros4y-0",
      "target": "div",
      "toString": [Function],
      "warnTooManyClasses": [Function],
      "withComponent": [Function],
    }
  }
  forwardedRef={null}
/>
`;
